Using Python 3.12.3 environment at: /home/ich/pipe-v0/.venv-repro
   Updating https://github.com/OpenTSLM/TimeNet.git (c39ca32b64ad0c89ea54093dbcb285c1a93eb006)
    Updated https://github.com/OpenTSLM/TimeNet.git (c39ca32b64ad0c89ea54093dbcb285c1a93eb006)
Resolved 131 packages in 2.31s
   Updating https://github.com/OpenTSLM/OpenTSLM.git (2968f4b891baab4307f7e9d0043e87677b593a30)
Downloading setuptools (1.2MiB)
   Building timenet @ git+https://github.com/OpenTSLM/TimeNet.git@c39ca32b64ad0c89ea54093dbcb285c1a93eb006#subdirectory=packages/timenet
Downloading pygments (1.2MiB)
Downloading pydantic-core (2.0MiB)
Downloading wandb (24.9MiB)
Downloading open-clip-torch (1.5MiB)
Downloading pillow (6.6MiB)
Downloading tokenizers (3.1MiB)
Downloading pyarrow (47.8MiB)
Downloading aiohttp (1.7MiB)
Downloading networkx (2.0MiB)
Downloading hf-xet (4.3MiB)
Downloading matplotlib (9.4MiB)
Downloading pandas (10.5MiB)
Downloading sympy (6.0MiB)
Downloading scikit-learn (8.7MiB)
Downloading sentencepiece (1.3MiB)
Downloading soundfile (1.3MiB)
Downloading timm (2.5MiB)
Downloading scipy (33.7MiB)
Downloading fonttools (5.2MiB)
Downloading transformers (11.0MiB)
Downloading nltk (1.7MiB)
Downloading kiwisolver (1.4MiB)
Downloading numpy (15.9MiB)
Downloading nvidia-cuda-cupti-cu12 (9.8MiB)
Downloading nvidia-cudnn-cu12 (674.0MiB)
Downloading nvidia-cusolver-cu12 (255.1MiB)
Downloading nvidia-cufile-cu12 (1.1MiB)
Downloading nvidia-nccl-cu12 (307.4MiB)
Downloading nvidia-cusparselt-cu12 (273.9MiB)
Downloading nvidia-cuda-nvrtc-cu12 (84.0MiB)
Downloading nvidia-cusparse-cu12 (274.9MiB)
Downloading nvidia-curand-cu12 (60.7MiB)
Downloading nvidia-cublas-cu12 (566.8MiB)
Downloading nvidia-cufft-cu12 (184.2MiB)
Downloading nvidia-nvjitlink-cu12 (37.4MiB)
Downloading torchvision (8.2MiB)
Downloading torch (847.9MiB)
Downloading triton (148.4MiB)
 Downloaded nvidia-cufile-cu12
 Downloaded nvidia-cuda-cupti-cu12
    Updated https://github.com/OpenTSLM/OpenTSLM.git (2968f4b891baab4307f7e9d0043e87677b593a30)
   Building opentslm @ git+https://github.com/OpenTSLM/OpenTSLM.git@2968f4b891baab4307f7e9d0043e87677b593a30
warning: `build_system.requires = ["uv-build>=0.9.0,<0.10.0"]` does not contain the
                        current uv version 0.10.9
      Built opentslm @ git+https://github.com/OpenTSLM/OpenTSLM.git@2968f4b891baab4307f7e9d0043e87677b593a30
 Downloaded sentencepiece
 Downloaded soundfile
 Downloaded kiwisolver
 Downloaded aiohttp
 Downloaded torchvision
 Downloaded pydantic-core
 Downloaded pygments
 Downloaded open-clip-torch
 Downloaded tokenizers
 Downloaded timm
 Downloaded setuptools
 Downloaded nltk
 Downloaded nvidia-nvjitlink-cu12
 Downloaded hf-xet
 Downloaded networkx
      Built timenet @ git+https://github.com/OpenTSLM/TimeNet.git@c39ca32b64ad0c89ea54093dbcb285c1a93eb006#subdirectory=packages/timenet
 Downloaded triton
 Downloaded fonttools
 Downloaded nvidia-curand-cu12
 Downloaded pillow
 Downloaded scikit-learn
 Downloaded matplotlib
 Downloaded sympy
 Downloaded nvidia-cuda-nvrtc-cu12
 Downloaded numpy
 Downloaded scipy
 Downloaded pandas
 Downloaded wandb
 Downloaded nvidia-cusolver-cu12
 Downloaded transformers
 Downloaded pyarrow
 Downloaded nvidia-cudnn-cu12
 Downloaded nvidia-nccl-cu12
 Downloaded nvidia-cufft-cu12
 Downloaded nvidia-cusparselt-cu12
 Downloaded nvidia-cusparse-cu12
 Downloaded nvidia-cublas-cu12
 Downloaded torch
Prepared 131 packages in 28.19s
Installed 131 packages in 172ms
 + accelerate==1.15.0
 + aiohappyeyeballs==2.7.1
 + aiohttp==3.14.3
 + aiosignal==1.4.0
 + annotated-doc==0.0.5
 + annotated-types==0.8.0
 + anyio==4.15.1
 + attrs==26.1.0
 + braceexpand==0.1.7
 + certifi==2026.7.22
 + cffi==2.1.1
 + charset-normalizer==3.5.1
 + click==8.5.0
 + cloudpickle==3.1.2
 + contourpy==1.4.0
 + cycler==0.12.1
 + datasets==5.0.1
 + defusedxml==0.7.1
 + dill==0.4.1
 + einops==0.8.2
 + einops-exts==0.0.4
 + filelock==3.32.3
 + flexcache==0.3
 + flexparser==0.4
 + fonttools==4.65.0
 + frozenlist==1.8.0
 + fsspec==2026.6.0
 + ftfy==6.3.1
 + googleapis-common-protos==1.75.3
 + h11==0.16.0
 + hf-xet==1.6.0
 + httpcore==1.0.9
 + httpx==0.28.1
 + huggingface-hub==1.31.0
 + idna==3.19
 + inflection==0.5.1
 + jaxtyping==0.3.11
 + jinja2==3.1.6
 + joblib==1.6.0
 + jsonschema==4.26.0
 + jsonschema-specifications==2025.9.1
 + kiwisolver==1.5.1
 + libarchive-c==5.3
 + markdown-it-py==4.2.0
 + markupsafe==3.0.3
 + matplotlib==3.11.2
 + mdurl==0.1.2
 + more-itertools==11.1.0
 + mpmath==1.3.0
 + multidict==6.8.0
 + multiprocess==0.70.19
 + narwhals==2.26.0
 + networkx==3.6.1
 + nltk==3.10.3
 + numpy==2.5.2
 + nvidia-cublas-cu12==12.8.4.1
 + nvidia-cuda-cupti-cu12==12.8.90
 + nvidia-cuda-nvrtc-cu12==12.8.93
 + nvidia-cuda-runtime-cu12==12.8.90
 + nvidia-cudnn-cu12==9.10.2.21
 + nvidia-cufft-cu12==11.3.3.83
 + nvidia-cufile-cu12==1.13.1.3
 + nvidia-curand-cu12==10.3.9.90
 + nvidia-cusolver-cu12==11.7.3.90
 + nvidia-cusparse-cu12==12.5.8.93
 + nvidia-cusparselt-cu12==0.7.1
 + nvidia-nccl-cu12==2.27.3
 + nvidia-nvjitlink-cu12==12.8.93
 + nvidia-nvtx-cu12==12.8.90
 + open-clip-torch==3.3.0
 + open-flamingo==0.0.2
 + opentelemetry-api==1.44.0
 + opentelemetry-exporter-otlp-proto-common==1.44.0
 + opentelemetry-exporter-otlp-proto-http==1.44.0
 + opentelemetry-proto==1.44.0
 + opentelemetry-sdk==1.44.0
 + opentelemetry-semantic-conventions==0.65b0
 + opentslm==0.1.0 (from git+https://github.com/OpenTSLM/OpenTSLM.git@2968f4b891baab4307f7e9d0043e87677b593a30)
 + packaging==26.3
 + pandas==3.0.5
 + peft==0.20.0
 + pillow==12.3.0
 + pint==0.26.1
 + platformdirs==4.11.8
 + propcache==0.5.2
 + protobuf==7.36.1
 + psutil==7.2.2
 + pyarrow==25.0.1
 + pycparser==3.0
 + pydantic==2.13.5
 + pydantic-core==2.46.5
 + pydantic-settings==2.15.0
 + pygments==2.21.0
 + pyparsing==3.3.2
 + python-dateutil==2.9.0.post0
 + python-dotenv==1.2.3
 + pyyaml==6.0.3
 + referencing==0.37.0
 + regex==2026.9.10
 + requests==2.34.2
 + rich==15.0.0
 + rpds-py==2026.6.3
 + safetensors==0.8.0
 + scikit-learn==1.9.1
 + scipy==1.18.1
 + sentencepiece==0.2.2
 + setuptools==78.1.0
 + shellingham==1.5.4
 + six==1.17.0
 + soundfile==0.14.0
 + sympy==1.14.0
 + threadpoolctl==3.6.0
 + timenet==0.1.0 (from git+https://github.com/OpenTSLM/TimeNet.git@c39ca32b64ad0c89ea54093dbcb285c1a93eb006#subdirectory=packages/timenet)
 + timm==1.0.29
 + tokenizers==0.22.2
 + torch==2.8.0+cu128
 + torchvision==0.23.0+cu128
 + tqdm==4.70.1
 + transformers==5.13.0
 + triton==3.4.0
 + typer==0.27.2
 + typing-extensions==4.16.0
 + typing-inspection==0.4.4
 + urllib3==2.7.0
 + wadler-lindig==0.1.7
 + wandb==0.30.0
 + wcwidth==0.8.3
 + webdataset==1.0.2
 + wfdb==4.3.1
 + xxhash==4.0.1
 + yarl==1.24.5
